// Jest Snapshot v1, https://goo.gl/fbAQLP

exports[`renders snapshot 1`] = `
<div>
  Invalid data
</div>
`;

exports[`renders snapshot with props 1`] = `
<div
  className="HourWeather-container"
>
  <div
    className="HourWeather-item"
  >
    13:00
  </div>
  <div
    className="HourWeather-item"
  >
    26°C/78°F
  </div>
  <div
    className="HourWeather-item"
  >
    25°C/78°F
  </div>
  <div
    className="HourWeather-item"
  >
    a
  </div>
  <div
    className="HourWeather-item"
  >
    4kmh/2mph N
  </div>
</div>
`;
