// Jest Snapshot v1, https://goo.gl/fbAQLP

exports[`renders snapshot 1`] = `
<div>
  Invalid data
</div>
`;

exports[`renders snapshot with props 1`] = `
<div
  className="HourWeather-container"
>
  <div
    className="HourWeather-item"
  >
    <h2
      className="MuiTypography-root-1 MuiTypography-title-7"
    >
      13:00
    </h2>
  </div>
  <div
    className="HourWeather-item"
  >
    <aside
      className="MuiTypography-root-1 MuiTypography-body2-9"
    >
      Max: 
      26°C/78°F
    </aside>
  </div>
  <div
    className="HourWeather-item"
  >
    <aside
      className="MuiTypography-root-1 MuiTypography-body2-9"
    >
      Min: 
      25°C/78°F
    </aside>
  </div>
  <div
    className="HourWeather-item"
  >
    <aside
      className="MuiTypography-root-1 MuiTypography-body2-9"
    >
      a
    </aside>
  </div>
  <div
    className="HourWeather-item"
  >
    <aside
      className="MuiTypography-root-1 MuiTypography-body2-9"
    >
      4kmh/2mph N
    </aside>
  </div>
</div>
`;
