// Jest Snapshot v1, https://goo.gl/fbAQLP

exports[`renders snapshot 1`] = `
<div
  className="Weather-container"
>
  <div
    className="Weather-dayitems"
  >
    <div>
      <h3
        className="MuiTypography-root-1 MuiTypography-subheading-8"
      >
        No results found
      </h3>
    </div>
  </div>
</div>
`;

exports[`renders snapshot with props 1`] = `
<div
  className="Weather-container"
>
  <div
    className="Weather-dayitems"
  >
    <div>
      <h3
        className="MuiTypography-root-1 MuiTypography-subheading-8"
      >
        No results found
      </h3>
    </div>
  </div>
</div>
`;
